17:51:29 **** Build of configuration Debug for project TP_Final ****
make -j8 all 
arm-none-eabi-gcc "../Drivers/API/src/API_uart.c" -mcpu=cortex-m4 -std=gnu11 -g3 -DDEBUG -DSTM32 -DSTM32F429ZITx -DSTM32F4 -DNUCLEO_F429ZI -DUSE_HAL_DRIVER -DSTM32F429xx -c -I../Inc -I"/home/alejandro/Documents/Programacion_de_microprocesadores/PdM_workspace/TP_Final/Drivers/STM32F4xx_HAL_Driver/Inc" -I"/home/alejandro/Documents/Programacion_de_microprocesadores/PdM_workspace/TP_Final/Drivers/CMSIS/Include" -I"/home/alejandro/Documents/Programacion_de_microprocesadores/PdM_workspace/TP_Final/Drivers/CMSIS/Device/ST/STM32F4xx/Include" -I"/home/alejandro/Documents/Programacion_de_microprocesadores/PdM_workspace/TP_Final/Drivers/BSP/STM32F4xx_Nucleo_144" -I"/home/alejandro/Documents/Programacion_de_microprocesadores/PdM_workspace/TP_Final/Drivers/Core/Inc" -I"/home/alejandro/Documents/Programacion_de_microprocesadores/PdM_workspace/TP_Final/Drivers/STM32F4xx_HAL_Driver/Src" -I"/home/alejandro/Documents/Programacion_de_microprocesadores/PdM_workspace/TP_Final/Drivers/API/src" -I"/home/alejandro/Documents/Programacion_de_microprocesadores/PdM_workspace/TP_Final/Drivers/API" -I"/home/alejandro/Documents/Programacion_de_microprocesadores/PdM_workspace/TP_Final/Drivers" -I"/home/alejandro/Documents/Programacion_de_microprocesadores/PdM_workspace/TP_Final/Drivers/API/inc" -O0 -ffunction-sections -fdata-sections -Wall -fstack-usage -MMD -MP -MF"Drivers/API/src/API_uart.d" -MT"Drivers/API/src/API_uart.o" --specs=nano.specs -mfpu=fpv4-sp-d16 -mfloat-abi=hard -mthumb -o "Drivers/API/src/API_uart.o"
arm-none-eabi-gcc -o "TP_Final.elf" @"objects.list"   -mcpu=cortex-m4 -T"/home/alejandro/Documents/Programacion_de_microprocesadores/PdM_workspace/TP_Final/STM32F429ZITX_FLASH.ld" --specs=nosys.specs -Wl,-Map="TP_Final.map" -Wl,--gc-sections -static --specs=nano.specs -mfpu=fpv4-sp-d16 -mfloat-abi=hard -mthumb -Wl,--start-group -lc -lm -Wl,--end-group
Finished building target: TP_Final.elf
 
arm-none-eabi-size   TP_Final.elf 
arm-none-eabi-objdump -h -S  TP_Final.elf  > "TP_Final.list"
arm-none-eabi-objcopy  -O binary  TP_Final.elf  "TP_Final.bin"
   text	   data	    bss	    dec	    hex	filename
  12844	    164	   2068	  15076	   3ae4	TP_Final.elf
Finished building: default.size.stdout
 
Finished building: TP_Final.bin
 
Finished building: TP_Final.list
 

17:51:32 Build Finished. 0 errors, 0 warnings. (took 3s.284ms)

