13:55:42 **** Build of configuration Debug for project UART_TwoBoards_ComIT ****
make -j8 all 
arm-none-eabi-gcc "/home/alejandro/Documents/Programacion_de_microprocesadores/PdM_workspace/UART_TwoBoards_ComIT/Src/main.c" -mcpu=cortex-m4 -std=gnu11 -g3 -DSTM32F412Zx -DUSE_HAL_DRIVER -DUSE_STM32F4XX_NUCLEO_144 -c -I../../../Inc -I../../../Drivers/CMSIS/Device/ST/STM32F4xx/Include -I../../../Drivers/CMSIS/Include -I../../../Drivers/STM32F4xx_HAL_Driver/Inc -I../../../Drivers/BSP/STM32F4xx_Nucleo_144 -Os -ffunction-sections -Wall -fstack-usage -MMD -MP -MF"Example/User/main.d" -MT"Example/User/main.o" --specs=nano.specs -mfpu=fpv4-sp-d16 -mfloat-abi=hard -mthumb -o "Example/User/main.o"
arm-none-eabi-gcc "/home/alejandro/Documents/Programacion_de_microprocesadores/PdM_workspace/UART_TwoBoards_ComIT/Src/stm32f4xx_hal_msp.c" -mcpu=cortex-m4 -std=gnu11 -g3 -DSTM32F412Zx -DUSE_HAL_DRIVER -DUSE_STM32F4XX_NUCLEO_144 -c -I../../../Inc -I../../../Drivers/CMSIS/Device/ST/STM32F4xx/Include -I../../../Drivers/CMSIS/Include -I../../../Drivers/STM32F4xx_HAL_Driver/Inc -I../../../Drivers/BSP/STM32F4xx_Nucleo_144 -Os -ffunction-sections -Wall -fstack-usage -MMD -MP -MF"Example/User/stm32f4xx_hal_msp.d" -MT"Example/User/stm32f4xx_hal_msp.o" --specs=nano.specs -mfpu=fpv4-sp-d16 -mfloat-abi=hard -mthumb -o "Example/User/stm32f4xx_hal_msp.o"
arm-none-eabi-gcc "/home/alejandro/Documents/Programacion_de_microprocesadores/PdM_workspace/UART_TwoBoards_ComIT/Src/stm32f4xx_it.c" -mcpu=cortex-m4 -std=gnu11 -g3 -DSTM32F412Zx -DUSE_HAL_DRIVER -DUSE_STM32F4XX_NUCLEO_144 -c -I../../../Inc -I../../../Drivers/CMSIS/Device/ST/STM32F4xx/Include -I../../../Drivers/CMSIS/Include -I../../../Drivers/STM32F4xx_HAL_Driver/Inc -I../../../Drivers/BSP/STM32F4xx_Nucleo_144 -Os -ffunction-sections -Wall -fstack-usage -MMD -MP -MF"Example/User/stm32f4xx_it.d" -MT"Example/User/stm32f4xx_it.o" --specs=nano.specs -mfpu=fpv4-sp-d16 -mfloat-abi=hard -mthumb -o "Example/User/stm32f4xx_it.o"
arm-none-eabi-gcc -mcpu=cortex-m4 -g3 -c -x assembler-with-cpp -MMD -MP -MF"Example/SW4STM32/startup_stm32f412zx.d" -MT"Example/SW4STM32/startup_stm32f412zx.o" --specs=nano.specs -mfpu=fpv4-sp-d16 -mfloat-abi=hard -mthumb -o "Example/SW4STM32/startup_stm32f412zx.o" "/home/alejandro/Documents/Programacion_de_microprocesadores/PdM_workspace/UART_TwoBoards_ComIT/SW4STM32/startup_stm32f412zx.s"
arm-none-eabi-gcc "/home/alejandro/Documents/Programacion_de_microprocesadores/PdM_workspace/UART_TwoBoards_ComIT/Drivers/STM32F4xx_HAL_Driver/Src/stm32f4xx_hal.c" -mcpu=cortex-m4 -std=gnu11 -g3 -DSTM32F412Zx -DUSE_HAL_DRIVER -DUSE_STM32F4XX_NUCLEO_144 -c -I../../../Inc -I../../../Drivers/CMSIS/Device/ST/STM32F4xx/Include -I../../../Drivers/CMSIS/Include -I../../../Drivers/STM32F4xx_HAL_Driver/Inc -I../../../Drivers/BSP/STM32F4xx_Nucleo_144 -Os -ffunction-sections -Wall -fstack-usage -MMD -MP -MF"Drivers/STM32F4xx_HAL_Driver/stm32f4xx_hal.d" -MT"Drivers/STM32F4xx_HAL_Driver/stm32f4xx_hal.o" --specs=nano.specs -mfpu=fpv4-sp-d16 -mfloat-abi=hard -mthumb -o "Drivers/STM32F4xx_HAL_Driver/stm32f4xx_hal.o"
arm-none-eabi-gcc "/home/alejandro/Documents/Programacion_de_microprocesadores/PdM_workspace/UART_TwoBoards_ComIT/Drivers/STM32F4xx_HAL_Driver/Src/stm32f4xx_hal_cortex.c" -mcpu=cortex-m4 -std=gnu11 -g3 -DSTM32F412Zx -DUSE_HAL_DRIVER -DUSE_STM32F4XX_NUCLEO_144 -c -I../../../Inc -I../../../Drivers/CMSIS/Device/ST/STM32F4xx/Include -I../../../Drivers/CMSIS/Include -I../../../Drivers/STM32F4xx_HAL_Driver/Inc -I../../../Drivers/BSP/STM32F4xx_Nucleo_144 -Os -ffunction-sections -Wall -fstack-usage -MMD -MP -MF"Drivers/STM32F4xx_HAL_Driver/stm32f4xx_hal_cortex.d" -MT"Drivers/STM32F4xx_HAL_Driver/stm32f4xx_hal_cortex.o" --specs=nano.specs -mfpu=fpv4-sp-d16 -mfloat-abi=hard -mthumb -o "Drivers/STM32F4xx_HAL_Driver/stm32f4xx_hal_cortex.o"
arm-none-eabi-gcc "/home/alejandro/Documents/Programacion_de_microprocesadores/PdM_workspace/UART_TwoBoards_ComIT/Drivers/STM32F4xx_HAL_Driver/Src/stm32f4xx_hal_dma.c" -mcpu=cortex-m4 -std=gnu11 -g3 -DSTM32F412Zx -DUSE_HAL_DRIVER -DUSE_STM32F4XX_NUCLEO_144 -c -I../../../Inc -I../../../Drivers/CMSIS/Device/ST/STM32F4xx/Include -I../../../Drivers/CMSIS/Include -I../../../Drivers/STM32F4xx_HAL_Driver/Inc -I../../../Drivers/BSP/STM32F4xx_Nucleo_144 -Os -ffunction-sections -Wall -fstack-usage -MMD -MP -MF"Drivers/STM32F4xx_HAL_Driver/stm32f4xx_hal_dma.d" -MT"Drivers/STM32F4xx_HAL_Driver/stm32f4xx_hal_dma.o" --specs=nano.specs -mfpu=fpv4-sp-d16 -mfloat-abi=hard -mthumb -o "Drivers/STM32F4xx_HAL_Driver/stm32f4xx_hal_dma.o"
arm-none-eabi-gcc "/home/alejandro/Documents/Programacion_de_microprocesadores/PdM_workspace/UART_TwoBoards_ComIT/Drivers/STM32F4xx_HAL_Driver/Src/stm32f4xx_hal_dma_ex.c" -mcpu=cortex-m4 -std=gnu11 -g3 -DSTM32F412Zx -DUSE_HAL_DRIVER -DUSE_STM32F4XX_NUCLEO_144 -c -I../../../Inc -I../../../Drivers/CMSIS/Device/ST/STM32F4xx/Include -I../../../Drivers/CMSIS/Include -I../../../Drivers/STM32F4xx_HAL_Driver/Inc -I../../../Drivers/BSP/STM32F4xx_Nucleo_144 -Os -ffunction-sections -Wall -fstack-usage -MMD -MP -MF"Drivers/STM32F4xx_HAL_Driver/stm32f4xx_hal_dma_ex.d" -MT"Drivers/STM32F4xx_HAL_Driver/stm32f4xx_hal_dma_ex.o" --specs=nano.specs -mfpu=fpv4-sp-d16 -mfloat-abi=hard -mthumb -o "Drivers/STM32F4xx_HAL_Driver/stm32f4xx_hal_dma_ex.o"
arm-none-eabi-gcc "/home/alejandro/Documents/Programacion_de_microprocesadores/PdM_workspace/UART_TwoBoards_ComIT/Drivers/STM32F4xx_HAL_Driver/Src/stm32f4xx_hal_gpio.c" -mcpu=cortex-m4 -std=gnu11 -g3 -DSTM32F412Zx -DUSE_HAL_DRIVER -DUSE_STM32F4XX_NUCLEO_144 -c -I../../../Inc -I../../../Drivers/CMSIS/Device/ST/STM32F4xx/Include -I../../../Drivers/CMSIS/Include -I../../../Drivers/STM32F4xx_HAL_Driver/Inc -I../../../Drivers/BSP/STM32F4xx_Nucleo_144 -Os -ffunction-sections -Wall -fstack-usage -MMD -MP -MF"Drivers/STM32F4xx_HAL_Driver/stm32f4xx_hal_gpio.d" -MT"Drivers/STM32F4xx_HAL_Driver/stm32f4xx_hal_gpio.o" --specs=nano.specs -mfpu=fpv4-sp-d16 -mfloat-abi=hard -mthumb -o "Drivers/STM32F4xx_HAL_Driver/stm32f4xx_hal_gpio.o"
arm-none-eabi-gcc "/home/alejandro/Documents/Programacion_de_microprocesadores/PdM_workspace/UART_TwoBoards_ComIT/Drivers/STM32F4xx_HAL_Driver/Src/stm32f4xx_hal_pwr_ex.c" -mcpu=cortex-m4 -std=gnu11 -g3 -DSTM32F412Zx -DUSE_HAL_DRIVER -DUSE_STM32F4XX_NUCLEO_144 -c -I../../../Inc -I../../../Drivers/CMSIS/Device/ST/STM32F4xx/Include -I../../../Drivers/CMSIS/Include -I../../../Drivers/STM32F4xx_HAL_Driver/Inc -I../../../Drivers/BSP/STM32F4xx_Nucleo_144 -Os -ffunction-sections -Wall -fstack-usage -MMD -MP -MF"Drivers/STM32F4xx_HAL_Driver/stm32f4xx_hal_pwr_ex.d" -MT"Drivers/STM32F4xx_HAL_Driver/stm32f4xx_hal_pwr_ex.o" --specs=nano.specs -mfpu=fpv4-sp-d16 -mfloat-abi=hard -mthumb -o "Drivers/STM32F4xx_HAL_Driver/stm32f4xx_hal_pwr_ex.o"
arm-none-eabi-gcc "/home/alejandro/Documents/Programacion_de_microprocesadores/PdM_workspace/UART_TwoBoards_ComIT/Drivers/STM32F4xx_HAL_Driver/Src/stm32f4xx_hal_rcc.c" -mcpu=cortex-m4 -std=gnu11 -g3 -DSTM32F412Zx -DUSE_HAL_DRIVER -DUSE_STM32F4XX_NUCLEO_144 -c -I../../../Inc -I../../../Drivers/CMSIS/Device/ST/STM32F4xx/Include -I../../../Drivers/CMSIS/Include -I../../../Drivers/STM32F4xx_HAL_Driver/Inc -I../../../Drivers/BSP/STM32F4xx_Nucleo_144 -Os -ffunction-sections -Wall -fstack-usage -MMD -MP -MF"Drivers/STM32F4xx_HAL_Driver/stm32f4xx_hal_rcc.d" -MT"Drivers/STM32F4xx_HAL_Driver/stm32f4xx_hal_rcc.o" --specs=nano.specs -mfpu=fpv4-sp-d16 -mfloat-abi=hard -mthumb -o "Drivers/STM32F4xx_HAL_Driver/stm32f4xx_hal_rcc.o"
arm-none-eabi-gcc "/home/alejandro/Documents/Programacion_de_microprocesadores/PdM_workspace/UART_TwoBoards_ComIT/Drivers/STM32F4xx_HAL_Driver/Src/stm32f4xx_hal_rcc_ex.c" -mcpu=cortex-m4 -std=gnu11 -g3 -DSTM32F412Zx -DUSE_HAL_DRIVER -DUSE_STM32F4XX_NUCLEO_144 -c -I../../../Inc -I../../../Drivers/CMSIS/Device/ST/STM32F4xx/Include -I../../../Drivers/CMSIS/Include -I../../../Drivers/STM32F4xx_HAL_Driver/Inc -I../../../Drivers/BSP/STM32F4xx_Nucleo_144 -Os -ffunction-sections -Wall -fstack-usage -MMD -MP -MF"Drivers/STM32F4xx_HAL_Driver/stm32f4xx_hal_rcc_ex.d" -MT"Drivers/STM32F4xx_HAL_Driver/stm32f4xx_hal_rcc_ex.o" --specs=nano.specs -mfpu=fpv4-sp-d16 -mfloat-abi=hard -mthumb -o "Drivers/STM32F4xx_HAL_Driver/stm32f4xx_hal_rcc_ex.o"
arm-none-eabi-gcc "/home/alejandro/Documents/Programacion_de_microprocesadores/PdM_workspace/UART_TwoBoards_ComIT/Drivers/STM32F4xx_HAL_Driver/Src/stm32f4xx_hal_uart.c" -mcpu=cortex-m4 -std=gnu11 -g3 -DSTM32F412Zx -DUSE_HAL_DRIVER -DUSE_STM32F4XX_NUCLEO_144 -c -I../../../Inc -I../../../Drivers/CMSIS/Device/ST/STM32F4xx/Include -I../../../Drivers/CMSIS/Include -I../../../Drivers/STM32F4xx_HAL_Driver/Inc -I../../../Drivers/BSP/STM32F4xx_Nucleo_144 -Os -ffunction-sections -Wall -fstack-usage -MMD -MP -MF"Drivers/STM32F4xx_HAL_Driver/stm32f4xx_hal_uart.d" -MT"Drivers/STM32F4xx_HAL_Driver/stm32f4xx_hal_uart.o" --specs=nano.specs -mfpu=fpv4-sp-d16 -mfloat-abi=hard -mthumb -o "Drivers/STM32F4xx_HAL_Driver/stm32f4xx_hal_uart.o"
arm-none-eabi-gcc "/home/alejandro/Documents/Programacion_de_microprocesadores/PdM_workspace/UART_TwoBoards_ComIT/Src/system_stm32f4xx.c" -mcpu=cortex-m4 -std=gnu11 -g3 -DSTM32F412Zx -DUSE_HAL_DRIVER -DUSE_STM32F4XX_NUCLEO_144 -c -I../../../Inc -I../../../Drivers/CMSIS/Device/ST/STM32F4xx/Include -I../../../Drivers/CMSIS/Include -I../../../Drivers/STM32F4xx_HAL_Driver/Inc -I../../../Drivers/BSP/STM32F4xx_Nucleo_144 -Os -ffunction-sections -Wall -fstack-usage -MMD -MP -MF"Drivers/CMSIS/system_stm32f4xx.d" -MT"Drivers/CMSIS/system_stm32f4xx.o" --specs=nano.specs -mfpu=fpv4-sp-d16 -mfloat-abi=hard -mthumb -o "Drivers/CMSIS/system_stm32f4xx.o"
arm-none-eabi-gcc "/home/alejandro/Documents/Programacion_de_microprocesadores/PdM_workspace/UART_TwoBoards_ComIT/Drivers/BSP/STM32F4xx_Nucleo_144/stm32f4xx_nucleo_144.c" -mcpu=cortex-m4 -std=gnu11 -g3 -DSTM32F412Zx -DUSE_HAL_DRIVER -DUSE_STM32F4XX_NUCLEO_144 -c -I../../../Inc -I../../../Drivers/CMSIS/Device/ST/STM32F4xx/Include -I../../../Drivers/CMSIS/Include -I../../../Drivers/STM32F4xx_HAL_Driver/Inc -I../../../Drivers/BSP/STM32F4xx_Nucleo_144 -Os -ffunction-sections -Wall -fstack-usage -MMD -MP -MF"Drivers/BSP/STM32412ZG_Nucleo/stm32f4xx_nucleo_144.d" -MT"Drivers/BSP/STM32412ZG_Nucleo/stm32f4xx_nucleo_144.o" --specs=nano.specs -mfpu=fpv4-sp-d16 -mfloat-abi=hard -mthumb -o "Drivers/BSP/STM32412ZG_Nucleo/stm32f4xx_nucleo_144.o"
arm-none-eabi-gcc -o "STM32412ZG_Nucleo.elf" @"objects.list"   -mcpu=cortex-m4 -T"../STM32F412ZGTx_FLASH.ld" --specs=nosys.specs -Wl,-Map="STM32412ZG_Nucleo.map" -Wl,--gc-sections -static --specs=nano.specs -mfpu=fpv4-sp-d16 -mfloat-abi=hard -mthumb -Wl,--start-group -lc -lm -Wl,--end-group
Finished building target: STM32412ZG_Nucleo.elf
 
arm-none-eabi-size   STM32412ZG_Nucleo.elf 
arm-none-eabi-objdump -h -S  STM32412ZG_Nucleo.elf  > "STM32412ZG_Nucleo.list"
arm-none-eabi-objcopy  -O binary  STM32412ZG_Nucleo.elf  "STM32412ZG_Nucleo.bin"
   text	   data	    bss	    dec	    hex	filename
   6576	    128	   1736	   8440	   20f8	STM32412ZG_Nucleo.elf
Finished building: default.size.stdout
 
Finished building: STM32412ZG_Nucleo.bin
 
Finished building: STM32412ZG_Nucleo.list
 

13:55:44 Build Finished. 0 errors, 0 warnings. (took 1s.983ms)

